Year,Month,Day,Hour,Minute,Second,HYY_AERO.scat_t,HYY_META.Pamb0
2020,04,12,23,55,00,300.75,967.99
2020,04,12,23,56,00,null,967.85
2020,04,12,23,57,00,300.717,967.97
2020,04,12,23,58,00,300.65,967.84
2020,04,12,23,59,00,300.65,967.86
