id,tableId,name,description,unit,title,source,periodStart,periodEnd,coverage,rights,mandatory,derivative,timestamp,category
HYY_META,G_sc,Soil heat flux (mean of four locations) plus heat storage change in the topsoil above the heat flux plates (until 8/2017 other locations than the heat flux measurement),W m⁻²,Soil heat flux and storage,Hukseflux HFP01 heat flux sensors, tsoil_humus, tsoil_A, wsoil_humus, wsoil_A,2005-01-01T00:00:00.0,null,0,public,false,true,2020-01-13T17:09:15,Soil
